      person      | age |                  event                  
------------------+-----+-----------------------------------------
 Andrew Hayes     |  42 | 2022 Really Long Walk, Northern Beaches
 Guangyu English  |  42 | 2022 Really Long Walk, Eastern Suburbs
 Katrina Berengut |  42 | 2022 Really Long Walk, Brisbane
(3 rows)
