Eastern Suburbs Coastal Walk, 2021-03-17
under 20
- Michael Maqsood, 19yo, 33mins
20-24
- Anthony Kouloukakis, 24yo, 33mins
- Claudio-Vito Zhou, 21yo, 33mins
25-29
- Atul Jones, 29yo, 30mins
- Balakumar Fang, 26yo, 30mins
- Jenjira Mills, 29yo, 30mins
30-34
- Lachlan Narayan, 30yo, 31mins
35 and over
- Samantha Iqbal, 39yo, 35mins
